Matplotlib created a temporary config/cache directory at /tmp/matplotlib-vy1ejfk8 because the default path (/home/users/selibrin/.config/matplotlib) is not a writable directory; it is highly recommended to set the MPLCONFIGDIR environment variable to a writable directory, in particular to speed up the import of Matplotlib and to better support multiprocessing.
job exception: 'CorrelationClasswiseNetwork' object has no attribute 'store_predictions_directory'

Traceback (most recent call last):
  File "/s/ls4/users/selibrin/spiking_researches/Sparse-WTA-SNN/experiments/hpo/ccn_predefined_s0_mnist_normalized_by_reversing_hpo.py", line 140, in <module>
  File "/s/ls4/users/selibrin/spiking_researches/Sparse-WTA-SNN/experiments/hpo/ccn_predefined_s0_mnist_normalized_by_reversing_hpo.py", line 126, in experiment
  File "/s/ls4/users/selibrin/spiking_researches/Sparse-WTA-SNN/fsnn_classifiers/optimization/hpo.py", line 22, in adjust
    best = run_evals(run, space, n_evals, trial_name)
  File "/s/ls4/users/selibrin/spiking_researches/Sparse-WTA-SNN/fsnn_classifiers/optimization/hpo.py", line 7, in run_evals
    best = fmin(run, space, algo=tpe.suggest, trials=trials, max_evals=n_evals)
  File "/s/ls4/groups/g0126/conda_envs/nest/lib/python3.8/site-packages/hyperopt/fmin.py", line 540, in fmin
    return trials.fmin(
  File "/s/ls4/groups/g0126/conda_envs/nest/lib/python3.8/site-packages/hyperopt/base.py", line 671, in fmin
    return fmin(
  File "/s/ls4/groups/g0126/conda_envs/nest/lib/python3.8/site-packages/hyperopt/fmin.py", line 586, in fmin
    rval.exhaust()
  File "/s/ls4/groups/g0126/conda_envs/nest/lib/python3.8/site-packages/hyperopt/fmin.py", line 364, in exhaust
    self.run(self.max_evals - n_done, block_until_done=self.asynchronous)
  File "/s/ls4/groups/g0126/conda_envs/nest/lib/python3.8/site-packages/hyperopt/fmin.py", line 300, in run
    self.serial_evaluate()
  File "/s/ls4/groups/g0126/conda_envs/nest/lib/python3.8/site-packages/hyperopt/fmin.py", line 178, in serial_evaluate
    result = self.domain.evaluate(spec, ctrl)
  File "/s/ls4/groups/g0126/conda_envs/nest/lib/python3.8/site-packages/hyperopt/base.py", line 892, in evaluate
    rval = self.fn(pyll_rval)
  File "/s/ls4/users/selibrin/spiking_researches/Sparse-WTA-SNN/experiments/hpo/ccn_predefined_s0_mnist_normalized_by_reversing_hpo.py", line 111, in run
  File "/s/ls4/groups/g0126/conda_envs/nest/lib/python3.8/site-packages/sklearn/pipeline.py", line 378, in fit
    Xt = self._fit(X, y, **fit_params_steps)
  File "/s/ls4/groups/g0126/conda_envs/nest/lib/python3.8/site-packages/sklearn/pipeline.py", line 336, in _fit
    X, fitted_transformer = fit_transform_one_cached(
  File "/s/ls4/groups/g0126/conda_envs/nest/lib/python3.8/site-packages/joblib/memory.py", line 349, in __call__
    return self.func(*args, **kwargs)
  File "/s/ls4/groups/g0126/conda_envs/nest/lib/python3.8/site-packages/sklearn/pipeline.py", line 870, in _fit_transform_one
    res = transformer.fit_transform(X, y, **fit_params)
  File "/s/ls4/groups/g0126/conda_envs/nest/lib/python3.8/site-packages/sklearn/base.py", line 870, in fit_transform
    return self.fit(X, y, **fit_params).transform(X)
  File "/s/ls4/users/selibrin/spiking_researches/Sparse-WTA-SNN/fsnn_classifiers/components/networks/base_spiking_transformer.py", line 112, in transform
    return self.run_the_simulation(
  File "/s/ls4/users/selibrin/spiking_researches/Sparse-WTA-SNN/fsnn_classifiers/components/networks/correlation_classwise_network_v2.py", line 392, in run_the_simulation
AttributeError: 'CorrelationClasswiseNetwork' object has no attribute 'store_predictions_directory'
